src/app/(main)/resources/automations/page.tsx(11,14): error TS2322: Type '{ children: Element; title: string; description: string; }' is not assignable to type 'IntrinsicAttributes & PageHeaderProps'.
  Property 'children' does not exist on type 'IntrinsicAttributes & PageHeaderProps'.
src/app/(main)/resources/knowledge/[hubId]/[sourceId]/page.tsx(20,14): error TS2322: Type '{ children: Element; title: string; description: string; }' is not assignable to type 'IntrinsicAttributes & PageHeaderProps'.
  Property 'children' does not exist on type 'IntrinsicAttributes & PageHeaderProps'.
src/app/(main)/resources/knowledge/[hubId]/page.tsx(59,14): error TS2322: Type '{ children: Element; title: string; description: string; }' is not assignable to type 'IntrinsicAttributes & PageHeaderProps'.
  Property 'children' does not exist on type 'IntrinsicAttributes & PageHeaderProps'.
src/app/(main)/resources/knowledge/page.tsx(20,14): error TS2322: Type '{ children: Element; title: string; description: string; }' is not assignable to type 'IntrinsicAttributes & PageHeaderProps'.
  Property 'children' does not exist on type 'IntrinsicAttributes & PageHeaderProps'.
src/app/(main)/resources/prompts/page.tsx(11,14): error TS2322: Type '{ children: Element; title: string; description: string; }' is not assignable to type 'IntrinsicAttributes & PageHeaderProps'.
  Property 'children' does not exist on type 'IntrinsicAttributes & PageHeaderProps'.
src/app/(main)/resources/services/page.tsx(11,14): error TS2322: Type '{ children: Element; title: string; description: string; }' is not assignable to type 'IntrinsicAttributes & PageHeaderProps'.
  Property 'children' does not exist on type 'IntrinsicAttributes & PageHeaderProps'.
src/app/(main)/settings/knowledge-engine/chunking/page.tsx(11,14): error TS2322: Type '{ children: Element; title: string; description: string; }' is not assignable to type 'IntrinsicAttributes & PageHeaderProps'.
  Property 'children' does not exist on type 'IntrinsicAttributes & PageHeaderProps'.
src/app/(main)/settings/knowledge-engine/embedding/page.tsx(11,14): error TS2322: Type '{ children: Element; title: string; description: string; }' is not assignable to type 'IntrinsicAttributes & PageHeaderProps'.
  Property 'children' does not exist on type 'IntrinsicAttributes & PageHeaderProps'.
src/app/(main)/settings/knowledge-engine/vectors/page.tsx(11,14): error TS2322: Type '{ children: Element; title: string; description: string; }' is not assignable to type 'IntrinsicAttributes & PageHeaderProps'.
  Property 'children' does not exist on type 'IntrinsicAttributes & PageHeaderProps'.
src/app/(main)/settings/llms/models/page.tsx(11,14): error TS2322: Type '{ children: Element; title: string; description: string; }' is not assignable to type 'IntrinsicAttributes & PageHeaderProps'.
  Property 'children' does not exist on type 'IntrinsicAttributes & PageHeaderProps'.
src/app/(main)/settings/llms/providers/page.tsx(11,14): error TS2322: Type '{ children: Element; title: string; description: string; }' is not assignable to type 'IntrinsicAttributes & PageHeaderProps'.
  Property 'children' does not exist on type 'IntrinsicAttributes & PageHeaderProps'.
src/app/(main)/settings/llms/routers/page.tsx(11,14): error TS2322: Type '{ children: Element; title: string; description: string; }' is not assignable to type 'IntrinsicAttributes & PageHeaderProps'.
  Property 'children' does not exist on type 'IntrinsicAttributes & PageHeaderProps'.
src/app/(main)/workspaces/[workspace]/automations/page.tsx(41,16): error TS2339: Property 'name' does not exist on type '{ id: string; automation_name: string; automation_platform: string; automation_http_method: string; automation_keywords: string[]; availability_workspace: string[]; created_at: string; updated_at: string; automation_status: "Active" | ... 1 more ... | "Paused"; automation_description?: string | ... 1 more ... | unde...'.
src/app/(main)/workspaces/[workspace]/automations/page.tsx(42,16): error TS2339: Property 'trigger' does not exist on type '{ id: string; automation_name: string; automation_platform: string; automation_http_method: string; automation_keywords: string[]; availability_workspace: string[]; created_at: string; updated_at: string; automation_status: "Active" | ... 1 more ... | "Paused"; automation_description?: string | ... 1 more ... | unde...'.
src/app/(main)/workspaces/[workspace]/automations/page.tsx(90,175): error TS2339: Property 'name' does not exist on type '{ id: string; automation_name: string; automation_platform: string; automation_http_method: string; automation_keywords: string[]; availability_workspace: string[]; created_at: string; updated_at: string; automation_status: "Active" | ... 1 more ... | "Paused"; automation_description?: string | ... 1 more ... | unde...'.
src/app/(main)/workspaces/[workspace]/automations/page.tsx(94,134): error TS2339: Property 'enabled' does not exist on type '{ id: string; automation_name: string; automation_platform: string; automation_http_method: string; automation_keywords: string[]; availability_workspace: string[]; created_at: string; updated_at: string; automation_status: "Active" | ... 1 more ... | "Paused"; automation_description?: string | ... 1 more ... | unde...'.
src/app/(main)/workspaces/[workspace]/automations/page.tsx(94,156): error TS2339: Property 'is_active' does not exist on type '{ id: string; automation_name: string; automation_platform: string; automation_http_method: string; automation_keywords: string[]; availability_workspace: string[]; created_at: string; updated_at: string; automation_status: "Active" | ... 1 more ... | "Paused"; automation_description?: string | ... 1 more ... | unde...'.
src/app/(main)/workspaces/[workspace]/automations/page.tsx(96,49): error TS2339: Property 'enabled' does not exist on type '{ id: string; automation_name: string; automation_platform: string; automation_http_method: string; automation_keywords: string[]; availability_workspace: string[]; created_at: string; updated_at: string; automation_status: "Active" | ... 1 more ... | "Paused"; automation_description?: string | ... 1 more ... | unde...'.
src/app/(main)/workspaces/[workspace]/automations/page.tsx(96,71): error TS2339: Property 'is_active' does not exist on type '{ id: string; automation_name: string; automation_platform: string; automation_http_method: string; automation_keywords: string[]; availability_workspace: string[]; created_at: string; updated_at: string; automation_status: "Active" | ... 1 more ... | "Paused"; automation_description?: string | ... 1 more ... | unde...'.
src/app/(main)/workspaces/[workspace]/automations/page.tsx(101,54): error TS2339: Property 'trigger' does not exist on type '{ id: string; automation_name: string; automation_platform: string; automation_http_method: string; automation_keywords: string[]; availability_workspace: string[]; created_at: string; updated_at: string; automation_status: "Active" | ... 1 more ... | "Paused"; automation_description?: string | ... 1 more ... | unde...'.
src/app/(main)/workspaces/[workspace]/automations/page.tsx(101,76): error TS2339: Property 'trigger_type' does not exist on type '{ id: string; automation_name: string; automation_platform: string; automation_http_method: string; automation_keywords: string[]; availability_workspace: string[]; created_at: string; updated_at: string; automation_status: "Active" | ... 1 more ... | "Paused"; automation_description?: string | ... 1 more ... | unde...'.
src/app/(main)/workspaces/[workspace]/automations/page.tsx(108,59): error TS2339: Property 'lastRun' does not exist on type '{ id: string; automation_name: string; automation_platform: string; automation_http_method: string; automation_keywords: string[]; availability_workspace: string[]; created_at: string; updated_at: string; automation_status: "Active" | ... 1 more ... | "Paused"; automation_description?: string | ... 1 more ... | unde...'.
src/app/(main)/workspaces/[workspace]/automations/page.tsx(108,89): error TS2339: Property 'lastRun' does not exist on type '{ id: string; automation_name: string; automation_platform: string; automation_http_method: string; automation_keywords: string[]; availability_workspace: string[]; created_at: string; updated_at: string; automation_status: "Active" | ... 1 more ... | "Paused"; automation_description?: string | ... 1 more ... | unde...'.
src/app/(main)/workspaces/[workspace]/crews/new/page.tsx(150,79): error TS7006: Parameter 'checked' implicitly has an 'any' type.
src/app/(main)/workspaces/[workspace]/page.tsx(109,7): error TS2322: Type 'string | null | undefined' is not assignable to type 'string | undefined'.
  Type 'null' is not assignable to type 'string | undefined'.
src/app/(main)/workspaces/[workspace]/services/page.tsx(41,13): error TS2339: Property 'name' does not exist on type '{ id: string; availability_workspace: string[]; created_at: string; updated_at: string; service_name: string; service_category: string; capabilities: string[]; service_description?: string | null | undefined; service_url?: string | undefined; }'.
src/app/(main)/workspaces/[workspace]/services/page.tsx(42,13): error TS2339: Property 'provider_name' does not exist on type '{ id: string; availability_workspace: string[]; created_at: string; updated_at: string; service_name: string; service_category: string; capabilities: string[]; service_description?: string | null | undefined; service_url?: string | undefined; }'.
src/app/(main)/workspaces/[workspace]/services/page.tsx(90,172): error TS2339: Property 'name' does not exist on type '{ id: string; availability_workspace: string[]; created_at: string; updated_at: string; service_name: string; service_category: string; capabilities: string[]; service_description?: string | null | undefined; service_url?: string | undefined; }'.
src/app/(main)/workspaces/[workspace]/services/page.tsx(96,46): error TS2339: Property 'status' does not exist on type '{ id: string; availability_workspace: string[]; created_at: string; updated_at: string; service_name: string; service_category: string; capabilities: string[]; service_description?: string | null | undefined; service_url?: string | undefined; }'.
src/app/(main)/workspaces/[workspace]/services/page.tsx(96,64): error TS2339: Property 'connection_status' does not exist on type '{ id: string; availability_workspace: string[]; created_at: string; updated_at: string; service_name: string; service_category: string; capabilities: string[]; service_description?: string | null | undefined; service_url?: string | undefined; }'.
src/app/(main)/workspaces/[workspace]/services/page.tsx(100,59): error TS2339: Property 'provider_name' does not exist on type '{ id: string; availability_workspace: string[]; created_at: string; updated_at: string; service_name: string; service_category: string; capabilities: string[]; service_description?: string | null | undefined; service_url?: string | undefined; }'.
src/modules/agents/index.ts(5,10): error TS2305: Module '"./infrastructure/api"' has no exported member 'getAgents'.
src/modules/agents/index.ts(5,21): error TS2305: Module '"./infrastructure/api"' has no exported member 'updateAgentConfig'.
src/modules/dashboard/features/view-dashboard/ui/HomeView.test.tsx(25,17): error TS2322: Type '{ messages: { messages: never[]; isLoading: boolean; }; inputValue: string; onInputChange: Mock<Procedure>; onSubmission: Mock<Procedure>; onKeyDown: Mock<Procedure>; }' is not assignable to type 'HomeViewProps'.
  Types of property 'messages' are incompatible.
    Type '{ messages: never[]; isLoading: boolean; }' is missing the following properties from type '{ id: number; display: ReactNode; }[]': length, pop, push, concat, and 35 more.
src/modules/dashboard/features/view-dashboard/ui/HomeView.test.tsx(31,17): error TS2322: Type '{ messages: { messages: never[]; isLoading: boolean; }; inputValue: string; onInputChange: Mock<Procedure>; onSubmission: Mock<Procedure>; onKeyDown: Mock<Procedure>; }' is not assignable to type 'HomeViewProps'.
  Types of property 'messages' are incompatible.
    Type '{ messages: never[]; isLoading: boolean; }' is missing the following properties from type '{ id: number; display: ReactNode; }[]': length, pop, push, concat, and 35 more.
src/modules/dashboard/features/view-dashboard/ui/HomeView.test.tsx(36,17): error TS2322: Type '{ messages: { messages: never[]; isLoading: boolean; }; inputValue: string; onInputChange: Mock<Procedure>; onSubmission: Mock<Procedure>; onKeyDown: Mock<Procedure>; }' is not assignable to type 'HomeViewProps'.
  Types of property 'messages' are incompatible.
    Type '{ messages: never[]; isLoading: boolean; }' is missing the following properties from type '{ id: number; display: ReactNode; }[]': length, pop, push, concat, and 35 more.
src/modules/dashboard/features/view-dashboard/ui/HomeView.test.tsx(41,17): error TS2322: Type '{ messages: { messages: never[]; isLoading: boolean; }; inputValue: string; onInputChange: Mock<Procedure>; onSubmission: Mock<Procedure>; onKeyDown: Mock<Procedure>; }' is not assignable to type 'HomeViewProps'.
  Types of property 'messages' are incompatible.
    Type '{ messages: never[]; isLoading: boolean; }' is missing the following properties from type '{ id: number; display: ReactNode; }[]': length, pop, push, concat, and 35 more.
src/modules/dashboard/features/view-dashboard/ui/HomeView.tsx(70,50): error TS2322: Type '{ trigger: Element; }' is not assignable to type 'IntrinsicAttributes & object'.
  Property 'trigger' does not exist on type 'IntrinsicAttributes & object'.
src/modules/inbox/features/review-inbox/infrastructure/api.ts(21,9): error TS2322: Type '"NEW"' is not assignable to type 'InboxItemStatus'.
src/modules/inbox/features/review-inbox/ui/InboxBrowser.tsx(48,24): error TS2322: Type '"review"' is not assignable to type 'StatusVariant'.
src/modules/projects/features/browse-projects/application/hooks.ts(41,17): error TS2322: Type 'null' is not assignable to type 'string | undefined'.
src/modules/projects/features/browse-projects/application/hooks.ts(42,17): error TS2322: Type 'string | null' is not assignable to type 'string | undefined'.
  Type 'null' is not assignable to type 'string | undefined'.
src/modules/projects/features/browse-projects/ui/CreateProjectDialog.tsx(22,75): error TS2339: Property 'trigger' does not exist on type '{}'.
src/modules/projects/features/browse-projects/ui/mappers/ProjectViewModelMapper.ts(2,53): error TS2307: Cannot find module '../ui/types' or its corresponding type declarations.
src/modules/projects/features/browse-projects/ui/ProjectsBrowser.tsx(99,10): error TS2741: Property 'recentlyUsedProjects' is missing in type '{ projects: ProjectViewModel[]; viewMode: ViewMode; onViewDetails: (id: string) => void; isLoading: boolean; isError: boolean; }' but required in type 'ProjectsBrowserContentProps'.
src/modules/prompts/features/manage-prompts/ui/PromptEditorDialog.tsx(19,66): error TS2304: Cannot find name 'PromptEditorDialogProps'.
src/modules/resources/ui/AutomationsBrowser.tsx(45,5): error TS2339: Property 'filterConfig' does not exist on type 'AutomationBrowserFacade'.
src/modules/resources/ui/AutomationsBrowser.tsx(78,13): error TS4104: The type 'readonly { id: string; automation_name: string; automation_platform: "n8n" | "Zapier" | "Make" | "Custom"; automation_webhook_url: string; automation_http_method: "GET" | "POST" | "PUT"; automation_validation_status: "Valid" | ... 1 more ... | "Untested"; ... 8 more ...; automation_last_validated_at?: string | ... 1...' is 'readonly' and cannot be assigned to the mutable type '{ id: string; automation_name: string; automation_platform: "n8n" | "Zapier" | "Make" | "Custom"; automation_webhook_url: string; automation_http_method: "GET" | "POST" | "PUT"; automation_validation_status: "Valid" | ... 1 more ... | "Untested"; ... 8 more ...; automation_last_validated_at?: string | ... 1 more ......'.
src/modules/resources/ui/AutomationsList.tsx(32,50): error TS2339: Property 'automation_status' does not exist on type '{ id: string; availability_workspace: string[]; created_at: string; updated_at: string; automation_name: string; automation_platform: "n8n" | "Zapier" | "Make" | "Custom"; automation_webhook_url: string; ... 7 more ...; automation_last_validated_at?: string | ... 1 more ... | undefined; }'.
src/modules/resources/ui/AutomationsList.tsx(33,39): error TS2339: Property 'automation_status' does not exist on type '{ id: string; availability_workspace: string[]; created_at: string; updated_at: string; automation_name: string; automation_platform: "n8n" | "Zapier" | "Make" | "Custom"; automation_webhook_url: string; ... 7 more ...; automation_last_validated_at?: string | ... 1 more ... | undefined; }'.
src/modules/resources/ui/components/ServicesBrowserContent.tsx(5,10): error TS2459: Module '"@/shared/lib/hooks/useViewMode"' declares 'ViewMode' locally, but it is not exported.
src/modules/resources/ui/ExternalServicesList.tsx(31,53): error TS2339: Property 'service_status' does not exist on type '{ id: string; availability_workspace: string[]; created_at: string; updated_at: string; service_name: string; service_category: "Utility" | "GenAI" | "Scraping" | "Business"; service_url: string; service_keywords: string[]; capabilities: string[]; service_description?: string | ... 1 more ... | undefined; }'.
src/modules/resources/ui/ExternalServicesList.tsx(32,42): error TS2339: Property 'service_status' does not exist on type '{ id: string; availability_workspace: string[]; created_at: string; updated_at: string; service_name: string; service_category: "Utility" | "GenAI" | "Scraping" | "Business"; service_url: string; service_keywords: string[]; capabilities: string[]; service_description?: string | ... 1 more ... | undefined; }'.
src/modules/resources/ui/PromptsBrowser.tsx(45,5): error TS2339: Property 'filterConfig' does not exist on type 'PromptsBrowserFacade'.
src/modules/resources/ui/ServicesBrowser.tsx(43,5): error TS2339: Property 'filterConfig' does not exist on type 'ServicesBrowserFacade'.
src/modules/resources/ui/ServicesBrowser.tsx(76,13): error TS4104: The type 'readonly { id: string; availability_workspace: string[]; created_at: string; updated_at: string; service_name: string; service_category: "Utility" | "GenAI" | "Scraping" | "Business"; service_url: string; service_keywords: string[]; capabilities: string[]; service_description?: string | ... 1 more ... | undefined; }[]' is 'readonly' and cannot be assigned to the mutable type '{ id: string; availability_workspace: string[]; created_at: string; updated_at: string; service_name: string; service_category: "Utility" | "GenAI" | "Scraping" | "Business"; service_url: string; service_keywords: string[]; capabilities: string[]; service_description?: string | ... 1 more ... | undefined; }[]'.
src/modules/resources/ui/ServicesBrowser.tsx(99,13): error TS4104: The type 'readonly { id: string; availability_workspace: string[]; created_at: string; updated_at: string; service_name: string; service_category: "Utility" | "GenAI" | "Scraping" | "Business"; service_url: string; service_keywords: string[]; capabilities: string[]; service_description?: string | ... 1 more ... | undefined; }[]' is 'readonly' and cannot be assigned to the mutable type '{ id: string; availability_workspace: string[]; created_at: string; updated_at: string; service_name: string; service_category: "Utility" | "GenAI" | "Scraping" | "Business"; service_url: string; service_keywords: string[]; capabilities: string[]; service_description?: string | ... 1 more ... | undefined; }[]'.
src/modules/settings/ui/EmbeddingModelsList.tsx(28,98): error TS2551: Property 'model_provider_id' does not exist on type '{ id: string; created_at: string; updated_at: string; model_id: string; model_provider_name: string; model_vector_dimensions: number; model_max_context_tokens: number; model_cost_per_1m_tokens: number; }'. Did you mean 'model_provider_name'?
src/modules/settings/ui/EmbeddingModelsList.tsx(30,91): error TS2339: Property 'model_name' does not exist on type '{ id: string; created_at: string; updated_at: string; model_id: string; model_provider_name: string; model_vector_dimensions: number; model_max_context_tokens: number; model_cost_per_1m_tokens: number; }'.
src/modules/settings/ui/EmbeddingModelsList.tsx(32,36): error TS2339: Property 'model_api_identifier' does not exist on type '{ id: string; created_at: string; updated_at: string; model_id: string; model_provider_name: string; model_vector_dimensions: number; model_max_context_tokens: number; model_cost_per_1m_tokens: number; }'.
src/modules/settings/ui/LLMModelsList.tsx(27,11): error TS2339: Property 'model_name' does not exist on type '{ id: string; created_at: string; updated_at: string; model_id: string; model_display_name: string; model_tier: "Tier1" | "Tier2"; model_capabilities_flags: string[]; model_context_window: number; model_supports_thinking: boolean; model_pricing_config: Record<...>; llm_provider_id: string; }'.
src/modules/settings/ui/LLMModelsList.tsx(28,11): error TS2339: Property 'model_api_identifier' does not exist on type '{ id: string; created_at: string; updated_at: string; model_id: string; model_display_name: string; model_tier: "Tier1" | "Tier2"; model_capabilities_flags: string[]; model_context_window: number; model_supports_thinking: boolean; model_pricing_config: Record<...>; llm_provider_id: string; }'.
src/modules/settings/ui/LLMModelsList.tsx(59,84): error TS2339: Property 'model_name' does not exist on type '{ id: string; created_at: string; updated_at: string; model_id: string; model_display_name: string; model_tier: "Tier1" | "Tier2"; model_capabilities_flags: string[]; model_context_window: number; model_supports_thinking: boolean; model_pricing_config: Record<...>; llm_provider_id: string; }'.
src/modules/settings/ui/LLMModelsList.tsx(60,110): error TS2551: Property 'model_provider_id' does not exist on type '{ id: string; created_at: string; updated_at: string; model_id: string; model_display_name: string; model_tier: "Tier1" | "Tier2"; model_capabilities_flags: string[]; model_context_window: number; model_supports_thinking: boolean; model_pricing_config: Record<...>; llm_provider_id: string; }'. Did you mean 'llm_provider_id'?
src/modules/settings/ui/LLMModelsList.tsx(64,44): error TS2339: Property 'model_api_identifier' does not exist on type '{ id: string; created_at: string; updated_at: string; model_id: string; model_display_name: string; model_tier: "Tier1" | "Tier2"; model_capabilities_flags: string[]; model_context_window: number; model_supports_thinking: boolean; model_pricing_config: Record<...>; llm_provider_id: string; }'.
src/modules/spaces/application/hooks/useSpaceCanvasConnectionLogic.ts(6,10): error TS2305: Module '"../../domain/types"' has no exported member 'SpaceCanvasConnectionManagementLogic'.
src/modules/spaces/application/hooks/useSpaceCanvasInspectorManagement.ts(4,44): error TS2307: Cannot find module '../types' or its corresponding type declarations.
src/modules/spaces/application/hooks/useSpaceCanvasOrchestrator.ts(11,10): error TS2305: Module '"../../ui/types"' has no exported member 'SpaceCanvasOrchestrationLogic'.
src/modules/spaces/application/hooks/useSpaceCanvasOrchestrator.ts(61,46): error TS7006: Parameter 'n' implicitly has an 'any' type.
src/modules/spaces/application/hooks/useSpaceCanvasOrchestrator.ts(69,23): error TS7006: Parameter 'current' implicitly has an 'any' type.
src/modules/spaces/application/hooks/useSpaceCanvasOrchestrator.ts(70,23): error TS7006: Parameter 'current' implicitly has an 'any' type.
src/modules/spaces/application/hooks/useSpaceCanvasOrchestrator.ts(91,24): error TS7006: Parameter 'currentNodes' implicitly has an 'any' type.
src/modules/spaces/application/hooks/useSpaceCanvasOrchestrator.ts(95,26): error TS7006: Parameter 'currentNodes' implicitly has an 'any' type.
src/modules/spaces/application/hooks/useSpaceCanvasOrchestrator.ts(95,63): error TS7006: Parameter 'n' implicitly has an 'any' type.
src/modules/spaces/application/hooks/useSpaceCanvasState.ts(7,10): error TS2305: Module '"../../domain/types"' has no exported member 'SpaceCanvasStateConfiguration'.
src/modules/spaces/application/hooks/useSpaceCrewHierarchicalInspector.ts(10,56): error TS2339: Property 'onStatusChange' does not exist on type '{ consultationAnswers: Record<string, string>; setConsultationAnswers: Dispatch<SetStateAction<Record<string, string>>>; isLogsOpen: boolean; ... 35 more ...; missingFields: TemplateContext[]; }'.
src/modules/spaces/application/hooks/useSpaceCrewSequentialInspector.ts(12,9): error TS2339: Property 'allQuestionsAnswered' does not exist on type '{ consultationAnswers: Record<string, string>; setConsultationAnswers: Dispatch<SetStateAction<Record<string, string>>>; isLogsOpen: boolean; ... 35 more ...; missingFields: TemplateContext[]; }'.
src/modules/spaces/application/hooks/useSpaceCrewSequentialInspector.ts(12,52): error TS2339: Property 'consultationQuestions' does not exist on type '{ consultationAnswers: Record<string, string>; setConsultationAnswers: Dispatch<SetStateAction<Record<string, string>>>; isLogsOpen: boolean; ... 35 more ...; missingFields: TemplateContext[]; }'.
src/modules/spaces/application/hooks/useSpaceCrewSequentialInspector.ts(74,60): error TS7006: Parameter 'q' implicitly has an 'any' type.
src/modules/spaces/application/hooks/useSpaceServiceInspectorLogic.ts(4,58): error TS2307: Cannot find module '../types' or its corresponding type declarations.
src/modules/spaces/application/hooks/useSpaceServiceInspectorLogic.ts(11,53): error TS7006: Parameter 'context' implicitly has an 'any' type.
src/modules/spaces/application/hooks/useSpaceServiceInspectorLogic.ts(18,53): error TS7006: Parameter 'context' implicitly has an 'any' type.
src/modules/spaces/application/hooks/useSpaceServiceInspectorLogic.ts(27,55): error TS7006: Parameter 'art' implicitly has an 'any' type.
src/modules/spaces/application/hooks/useSpaceServiceInspectorLogic.ts(34,55): error TS7006: Parameter 'art' implicitly has an 'any' type.
src/modules/spaces/application/hooks/useSpaceServiceInspectorLogic.ts(43,55): error TS7006: Parameter 'art' implicitly has an 'any' type.
src/modules/spaces/application/hooks/useSpaceServiceInspectorLogic.ts(51,36): error TS7006: Parameter 'ctx' implicitly has an 'any' type.
src/modules/spaces/application/hooks/useSpaceServiceInspectorLogic.ts(56,37): error TS7006: Parameter 'art' implicitly has an 'any' type.
src/modules/spaces/application/hooks/useSpaceServiceInspectorLogic.ts(75,55): error TS7006: Parameter 'art' implicitly has an 'any' type.
src/modules/spaces/application/hooks/useSpaceTemplateInspectorLogic.ts(4,75): error TS2307: Cannot find module '../types' or its corresponding type declarations.
src/modules/spaces/application/hooks/useSpaceTemplateInspectorLogic.ts(11,50): error TS7006: Parameter 'action' implicitly has an 'any' type.
src/modules/spaces/application/hooks/useSpaceTemplateInspectorLogic.ts(15,81): error TS7006: Parameter 'action' implicitly has an 'any' type.
src/modules/spaces/application/hooks/useSpaceTemplateInspectorLogic.ts(29,52): error TS7006: Parameter 'context' implicitly has an 'any' type.
src/modules/spaces/application/hooks/useSpaceTemplateInspectorLogic.ts(36,54): error TS7006: Parameter 'art' implicitly has an 'any' type.
src/modules/spaces/application/hooks/useSpaceTemplateInspectorLogic.ts(43,54): error TS7006: Parameter 'art' implicitly has an 'any' type.
src/modules/spaces/application/hooks/useSpaceTemplateInspectorLogic.ts(52,54): error TS7006: Parameter 'art' implicitly has an 'any' type.
src/modules/spaces/application/hooks/useSpaceTemplateInspectorLogic.ts(59,71): error TS7006: Parameter 'accumulator' implicitly has an 'any' type.
src/modules/spaces/application/hooks/useSpaceTemplateInspectorLogic.ts(59,84): error TS7006: Parameter 'action' implicitly has an 'any' type.
src/modules/spaces/application/hooks/useSpaceTemplateInspectorLogic.ts(74,36): error TS7006: Parameter 'ctx' implicitly has an 'any' type.
src/modules/spaces/ui/inspectors/SpacePatternNodeInspector.tsx(7,15): error TS2724: '"../types"' has no exported member named 'SpacePatternNodeInspectorProperties'. Did you mean 'SpacePatternInspectorProperties'?
src/modules/spaces/ui/inspectors/SpaceZoneNodeInspector.tsx(13,5): error TS2339: Property 'nodeId' does not exist on type 'SpaceZoneInspectorProperties'.
src/modules/spaces/ui/inspectors/SpaceZoneNodeInspector.tsx(15,5): error TS2339: Property 'canvasNodes' does not exist on type 'SpaceZoneInspectorProperties'.
src/modules/spaces/ui/mappers/SpaceNodeViewModelMapper.ts(15,5): error TS2305: Module '"../types"' has no exported member 'SpaceAgentViewModel'.
src/modules/spaces/ui/mappers/SpaceNodeViewModelMapper.ts(16,5): error TS2305: Module '"../types"' has no exported member 'SpaceAutomationViewModel'.
src/modules/spaces/ui/mappers/SpaceNodeViewModelMapper.ts(17,5): error TS2305: Module '"../types"' has no exported member 'SpaceCrewViewModel'.
src/modules/spaces/ui/mappers/SpaceNodeViewModelMapper.ts(18,5): error TS2305: Module '"../types"' has no exported member 'SpacePatternViewModel'.
src/modules/spaces/ui/mappers/SpaceNodeViewModelMapper.ts(19,5): error TS2305: Module '"../types"' has no exported member 'SpaceServiceViewModel'.
src/modules/spaces/ui/mappers/SpaceNodeViewModelMapper.ts(20,5): error TS2305: Module '"../types"' has no exported member 'SpaceTemplateViewModel'.
src/modules/spaces/ui/mappers/SpaceNodeViewModelMapper.ts(21,5): error TS2305: Module '"../types"' has no exported member 'SpaceZoneViewModel'.
src/modules/spaces/ui/mappers/SpaceNodeViewModelMapper.ts(22,5): error TS2305: Module '"../types"' has no exported member 'SpaceEntityViewModel'.
src/modules/spaces/ui/mappers/SpaceNodeViewModelMapper.ts(23,5): error TS2305: Module '"../types"' has no exported member 'NodeVisualProperties'.
src/modules/spaces/ui/nodes/pure/SpaceAgentNodeView.tsx(5,10): error TS2305: Module '"@/modules/spaces/domain/types"' has no exported member 'SpaceAgentViewModel'.
src/modules/spaces/ui/nodes/pure/SpaceAutomationNodeView.tsx(5,10): error TS2305: Module '"@/modules/spaces/domain/types"' has no exported member 'SpaceAutomationViewModel'.
src/modules/spaces/ui/nodes/pure/SpaceCrewNodeView.tsx(5,10): error TS2305: Module '"@/modules/spaces/domain/types"' has no exported member 'SpaceCrewViewModel'.
src/modules/spaces/ui/nodes/pure/SpaceCrewNodeView.tsx(75,51): error TS7006: Parameter 'role' implicitly has an 'any' type.
src/modules/spaces/ui/nodes/pure/SpaceCrewNodeView.tsx(75,57): error TS7006: Parameter 'i' implicitly has an 'any' type.
src/modules/spaces/ui/nodes/pure/SpaceEntityNodeView.tsx(5,10): error TS2305: Module '"@/modules/spaces/domain/types"' has no exported member 'SpaceEntityViewModel'.
src/modules/spaces/ui/nodes/pure/SpacePatternNodeView.tsx(5,10): error TS2305: Module '"@/modules/spaces/domain/types"' has no exported member 'SpacePatternViewModel'.
src/modules/spaces/ui/nodes/pure/SpaceServiceNodeView.tsx(5,10): error TS2305: Module '"@/modules/spaces/domain/types"' has no exported member 'SpaceServiceViewModel'.
src/modules/spaces/ui/nodes/pure/SpaceServiceNodeView.tsx(33,46): error TS7006: Parameter 'art' implicitly has an 'any' type.
src/modules/spaces/ui/nodes/pure/SpaceTemplateNodeView.tsx(5,10): error TS2305: Module '"@/modules/spaces/domain/types"' has no exported member 'SpaceTemplateViewModel'.
src/modules/spaces/ui/nodes/pure/SpaceZoneNodeView.tsx(5,10): error TS2305: Module '"@/modules/spaces/domain/types"' has no exported member 'SpaceZoneViewModel'.
src/modules/spaces/ui/nodes/SpaceAgentCanvasNode.tsx(8,10): error TS2305: Module '"../types"' has no exported member 'SpaceCanvasNodeProperties'.
src/modules/spaces/ui/nodes/SpaceAutomationCanvasNode.tsx(8,10): error TS2305: Module '"../types"' has no exported member 'SpaceCanvasNodeProperties'.
src/modules/spaces/ui/nodes/SpaceCrewCanvasNode.tsx(8,10): error TS2305: Module '"../types"' has no exported member 'SpaceCanvasNodeProperties'.
src/modules/spaces/ui/nodes/SpaceEntityCanvasNode.tsx(8,10): error TS2305: Module '"../types"' has no exported member 'SpaceCanvasNodeProperties'.
src/modules/spaces/ui/nodes/SpacePatternCanvasNode.tsx(8,10): error TS2305: Module '"../types"' has no exported member 'SpaceCanvasNodeProperties'.
src/modules/spaces/ui/nodes/SpaceServiceCanvasNode.tsx(8,10): error TS2305: Module '"../types"' has no exported member 'SpaceCanvasNodeProperties'.
src/modules/spaces/ui/nodes/SpaceTemplateCanvasNode.tsx(8,10): error TS2305: Module '"../types"' has no exported member 'SpaceCanvasNodeProperties'.
src/modules/spaces/ui/nodes/SpaceZoneCanvasNode.tsx(8,10): error TS2305: Module '"../types"' has no exported member 'SpaceCanvasNodeProperties'.
src/modules/spaces/ui/nodes/SpaceZoneCanvasNode.tsx(17,47): error TS7006: Parameter 'p' implicitly has an 'any' type.
src/modules/spaces/ui/nodes/SpaceZoneCanvasNode.tsx(18,48): error TS7006: Parameter 'p' implicitly has an 'any' type.
src/modules/spaces/ui/nodes/SpaceZoneCanvasNode.tsx(25,54): error TS7006: Parameter 'port' implicitly has an 'any' type.
src/modules/spaces/ui/nodes/SpaceZoneCanvasNode.tsx(25,60): error TS7006: Parameter 'index' implicitly has an 'any' type.
src/modules/spaces/ui/nodes/SpaceZoneCanvasNode.tsx(61,56): error TS7006: Parameter 'port' implicitly has an 'any' type.
src/modules/spaces/ui/nodes/SpaceZoneCanvasNode.tsx(61,62): error TS7006: Parameter 'index' implicitly has an 'any' type.
src/modules/spaces/ui/pure/SpaceCanvasHeaderView.tsx(9,10): error TS2724: '"../types"' has no exported member named 'SpaceCanvasHeaderProperties'. Did you mean 'SpaceCanvasHeaderProps'?
src/modules/spaces/ui/pure/SpaceCanvasLeftSidebarView.tsx(188,82): error TS2339: Property 'zoneColor' does not exist on type 'ComponentItemDisplay'.
src/modules/spaces/ui/pure/SpaceCanvasPresentationView.tsx(25,10): error TS2305: Module '"../types"' has no exported member 'SpaceCanvasPresentationViewProperties'.
src/modules/spaces/ui/pure/SpaceCanvasPresentationView.tsx(126,58): error TS7006: Parameter 'n' implicitly has an 'any' type.
src/modules/spaces/ui/pure/SpaceCanvasPresentationView.tsx(127,63): error TS7006: Parameter 'n' implicitly has an 'any' type.
src/modules/spaces/ui/pure/SpaceCanvasPresentationView.tsx(135,29): error TS7006: Parameter 'node' implicitly has an 'any' type.
src/modules/spaces/ui/pure/SpaceCanvasPresentationView.tsx(142,47): error TS7006: Parameter 'n' implicitly has an 'any' type.
src/modules/spaces/ui/pure/SpaceCanvasPresentationView.tsx(294,31): error TS2345: Argument of type '{ pattern_name: string; pattern_okr_context: string; pattern_graph_structure: { interface: { readonly ports: readonly PatternInterfacePort[]; }; dependencies: readonly PatternExternalDependency[]; blueprint_type: "pattern" | "super-pattern"; nodes: readonly DomainNode[]; edges: readonly DomainEdge[]; }; pattern_keyw...' is not assignable to parameter of type 'Omit<{ id: string; availability_workspace: string[]; created_at: string; updated_at: string; pattern_name: string; pattern_graph_structure: Record<string, unknown>; pattern_inputs: Record<string, string>; pattern_outputs: Record<...>; pattern_keywords: string[]; pattern_okr_context?: string | ... 1 more ... | undefi...'.
  Type '{ pattern_name: string; pattern_okr_context: string; pattern_graph_structure: { interface: { readonly ports: readonly PatternInterfacePort[]; }; dependencies: readonly PatternExternalDependency[]; blueprint_type: "pattern" | "super-pattern"; nodes: readonly DomainNode[]; edges: readonly DomainEdge[]; }; pattern_keyw...' is missing the following properties from type 'Omit<{ id: string; availability_workspace: string[]; created_at: string; updated_at: string; pattern_name: string; pattern_graph_structure: Record<string, unknown>; pattern_inputs: Record<string, string>; pattern_outputs: Record<...>; pattern_keywords: string[]; pattern_okr_context?: string | ... 1 more ... | undefi...': pattern_inputs, pattern_outputs
src/modules/spaces/ui/pure/SpaceCanvasPresentationView.tsx(469,9): error TS2322: Type '(event: React.MouseEvent) => void' is not assignable to type '(event: MouseEvent | React.MouseEvent<Element, MouseEvent>) => void'.
  Types of parameters 'event' and 'event' are incompatible.
    Type 'MouseEvent | React.MouseEvent<Element, MouseEvent>' is not assignable to type 'MouseEvent<Element, MouseEvent>'.
      Type 'MouseEvent' is missing the following properties from type 'MouseEvent<Element, MouseEvent>': nativeEvent, isDefaultPrevented, isPropagationStopped, persist
src/modules/spaces/ui/pure/SpaceCanvasPresentationView.tsx(558,17): error TS2322: Type '{ currentlySelectedNodeInformation: { id: any; type: any; data: any; } | null; handleNodeDataPropertyChange: SpaceCanvasPresentationViewProperties; canvasNodes: SpaceCanvasPresentationViewProperties; }' is not assignable to type 'IntrinsicAttributes & SpaceCanvasSidebarProps'.
  Property 'currentlySelectedNodeInformation' does not exist on type 'IntrinsicAttributes & SpaceCanvasSidebarProps'.
src/modules/spaces/ui/pure/SpaceCanvasPresentationView.tsx(582,19): error TS2322: Type '{ currentlySelectedNodeInformation: { id: any; type: any; data: any; } | null; handleNodeDataPropertyChange: SpaceCanvasPresentationViewProperties; canvasNodes: SpaceCanvasPresentationViewProperties; }' is not assignable to type 'IntrinsicAttributes & SpaceCanvasSidebarProps'.
  Property 'currentlySelectedNodeInformation' does not exist on type 'IntrinsicAttributes & SpaceCanvasSidebarProps'.
src/modules/spaces/ui/pure/SpaceCanvasRightSidebarView.tsx(24,10): error TS2724: '"../types"' has no exported member named 'SpaceCanvasRightSidebarProperties'. Did you mean 'SpaceCanvasSidebarProps'?
src/modules/spaces/ui/pure/SpaceCanvasRightSidebarView.tsx(44,4): error TS2304: Cannot find name 'SpaceCanvasRightSidebarViewProperties'.
src/modules/spaces/ui/pure/SpaceCanvasRightSidebarView.tsx(57,25): error TS2322: Type '(name: any, value: any) => any' is not assignable to type '(props: any) => void'.
  Target signature provides too few arguments. Expected 2 or more, but got 1.
src/modules/spaces/ui/pure/SpaceCanvasRightSidebarView.tsx(57,44): error TS7006: Parameter 'name' implicitly has an 'any' type.
src/modules/spaces/ui/pure/SpaceCanvasRightSidebarView.tsx(57,50): error TS7006: Parameter 'value' implicitly has an 'any' type.
src/modules/spaces/ui/pure/SpaceCanvasRightSidebarView.tsx(64,25): error TS2322: Type '{ data: SpaceAgentDomainData; nodeId: any; onStatusChange: SpaceCanvasRightSidebarViewProperties; onPropertyChange: SpaceCanvasRightSidebarViewProperties; }' is not assignable to type 'IntrinsicAttributes & SpaceAgentInspectorProperties'.
  Property 'onStatusChange' does not exist on type 'IntrinsicAttributes & SpaceAgentInspectorProperties'.
src/modules/spaces/ui/pure/SpaceCanvasRightSidebarView.tsx(81,25): error TS2322: Type '{ data: SpaceAutomationDomainData; nodeId: any; onPropertyChange: SpaceCanvasRightSidebarViewProperties; }' is not assignable to type 'IntrinsicAttributes & SpaceAutomationInspectorProperties'.
  Property 'nodeId' does not exist on type 'IntrinsicAttributes & SpaceAutomationInspectorProperties'.
src/modules/spaces/ui/pure/SpaceCanvasRightSidebarView.tsx(87,25): error TS2322: Type '{ data: SpaceServiceDomainData; nodeId: any; onArtifactStatusChange: SpaceCanvasRightSidebarViewProperties; onPropertyChange: SpaceCanvasRightSidebarViewProperties; }' is not assignable to type 'IntrinsicAttributes & SpaceServiceInspectorProperties'.
  Property 'nodeId' does not exist on type 'IntrinsicAttributes & SpaceServiceInspectorProperties'.
src/modules/spaces/ui/pure/SpaceCanvasRightSidebarView.tsx(94,25): error TS2322: Type '{ data: SpaceTemplateDomainData; nodeId: any; onPropertyChange: SpaceCanvasRightSidebarViewProperties; }' is not assignable to type 'IntrinsicAttributes & SpaceTemplateInspectorProperties'.
  Property 'nodeId' does not exist on type 'IntrinsicAttributes & SpaceTemplateInspectorProperties'.
src/modules/spaces/ui/SpaceCanvasHeader.tsx(4,10): error TS2724: '"./types"' has no exported member named 'SpaceCanvasHeaderProperties'. Did you mean 'SpaceCanvasHeaderProps'?
src/modules/spaces/ui/SpaceCanvasLeftSidebar.tsx(4,10): error TS2724: '"./types"' has no exported member named 'SpaceCanvasLeftSidebarProperties'. Did you mean 'SpaceCanvasSidebarProps'?
src/modules/spaces/ui/SpaceCanvasRightSidebar.tsx(11,5): error TS2339: Property 'currentlySelectedNodeInformation' does not exist on type 'SpaceCanvasSidebarProps'.
src/modules/spaces/ui/SpaceCanvasRightSidebar.tsx(12,5): error TS2339: Property 'handleNodeDataPropertyChange' does not exist on type 'SpaceCanvasSidebarProps'.
src/modules/spaces/ui/SpaceCanvasRightSidebar.tsx(13,5): error TS2339: Property 'canvasNodes' does not exist on type 'SpaceCanvasSidebarProps'.
src/modules/spaces/ui/SpaceCanvasView.tsx(8,10): error TS2305: Module '"./types"' has no exported member 'SpaceCanvasViewProperties'.
src/modules/spaces/ui/SpacesBrowser.tsx(11,15): error TS2305: Module '"./types"' has no exported member 'SpacesBrowserProps'.
src/modules/spaces/ui/utils/presentation_mappers.ts(3,69): error TS2307: Cannot find module './types' or its corresponding type declarations.
src/modules/spaces/ui/View.tsx(8,10): error TS2305: Module '"./types"' has no exported member 'SpaceCanvasViewProperties'.
src/modules/studio/application/hooks/useStudioDiscovery.ts(2,46): error TS2307: Cannot find module '../../types/studio.types' or its corresponding type declarations.
src/modules/studio/application/hooks/useStudioDiscovery.ts(19,5): error TS7006: Parameter 'archetype' implicitly has an 'any' type.
src/modules/studio/application/hooks/useStudioDiscovery.ts(29,27): error TS7006: Parameter 'archetype' implicitly has an 'any' type.
src/modules/studio/features/agent-studio/application/hooks/useAgentFormState.ts(19,2): error TS2322: Type '{ agent_name?: string | null | undefined; agent_role_text?: string | null | undefined; agent_goal?: string | null | undefined; agent_backstory?: string | null | undefined; guardrails?: { ...; } | undefined; ... 15 more ...; agent_visual_url?: string | ... 1 more ... | undefined; }' is not assignable to type 'Partial<{ agent_name: string | null; agent_role_text: string | null; agent_goal: string | null; agent_backstory: string | null; guardrails: { instructions: string[]; constraints: string[]; }; ... 15 more ...; agent_visual_url?: string | ... 1 more ... | undefined; }>'.
  Types of property 'guardrails' are incompatible.
    Type '{ instructions?: string[] | undefined; constraints?: string[] | undefined; } | undefined' is not assignable to type '{ instructions: string[]; constraints: string[]; } | undefined'.
      Type '{ instructions?: string[] | undefined; constraints?: string[] | undefined; }' is not assignable to type '{ instructions: string[]; constraints: string[]; }'.
        Types of property 'instructions' are incompatible.
          Type 'string[] | undefined' is not assignable to type 'string[]'.
            Type 'undefined' is not assignable to type 'string[]'.
src/modules/studio/features/agent-studio/application/hooks/useAgentStudioView.ts(5,15): error TS2459: Module '"@/modules/studio/types/discovery.types"' declares 'StudioArchetype' locally, but it is not exported.
src/modules/studio/features/agent-studio/application/hooks/useAgentStudioView.ts(34,52): error TS2345: Argument of type 'unknown' is not assignable to parameter of type 'string | number | boolean | unknown[] | string[] | Record<string, unknown> | { instructions: string[]; constraints: string[]; } | { context: { name: string; field_type: string; is_required: boolean; value?: string | ... 1 more ... | undefined; }[]; artefacts: { ...; }[]; } | null | undefined'.
src/modules/studio/features/agent-studio/application/hooks/useStudioSectionNav.ts(8,8): error TS2307: Cannot find module './StudioSectionNav.types' or its corresponding type declarations.
src/modules/studio/features/agent-studio/application/hooks/useStudioSectionNav.ts(69,57): error TS7006: Parameter 'section' implicitly has an 'any' type.
src/modules/studio/features/agent-studio/application/useAgentStudio.ts(26,3): error TS2322: Type 'Resolver<{ agent_name: string | null; agent_role_text: string | null; agent_goal: string | null; agent_backstory: string | null; guardrails?: { instructions: string[]; constraints: string[]; } | undefined; ... 15 more ...; data_interface?: { ...; } | undefined; }, any, { ...; }>' is not assignable to type 'Resolver<{ agent_name: string | null; agent_role_text: string | null; agent_goal: string | null; agent_backstory: string | null; guardrails: { instructions: string[]; constraints: string[]; }; ... 15 more ...; agent_visual_url?: string | ... 1 more ... | undefined; }, any, { ...; }>'.
  Types of parameters 'options' and 'options' are incompatible.
    Type 'ResolverOptions<{ agent_name: string | null; agent_role_text: string | null; agent_goal: string | null; agent_backstory: string | null; guardrails: { instructions: string[]; constraints: string[]; }; ... 15 more ...; agent_visual_url?: string | ... 1 more ... | undefined; }>' is not assignable to type 'ResolverOptions<{ agent_name: string | null; agent_role_text: string | null; agent_goal: string | null; agent_backstory: string | null; guardrails?: { instructions: string[]; constraints: string[]; } | undefined; ... 15 more ...; data_interface?: { ...; } | undefined; }>'.
      Type '{ instructions: string[]; constraints: string[]; } | undefined' is not assignable to type '{ instructions: string[]; constraints: string[]; }'.
        Type 'undefined' is not assignable to type '{ instructions: string[]; constraints: string[]; }'.
src/modules/studio/features/agent-studio/types/agent-studio-ui.types.ts(3,38): error TS2307: Cannot find module '../../types/agent-studio.types' or its corresponding type declarations.
src/modules/studio/features/agent-studio/types/agent-studio-ui.types.ts(4,31): error TS2307: Cannot find module '../../types/hooks.types' or its corresponding type declarations.
src/modules/studio/features/agent-studio/types/agent-studio-ui.types.ts(5,10): error TS2459: Module '"@/modules/studio/types/discovery.types"' declares 'StudioArchetype' locally, but it is not exported.
src/modules/studio/features/agent-studio/types/StudioSectionNav.types.ts(1,43): error TS2307: Cannot find module '../../types/agent-studio.types' or its corresponding type declarations.
src/modules/studio/features/agent-studio/types/StudioSectionNav.types.ts(2,57): error TS2307: Cannot find module '../../types/hooks.types' or its corresponding type declarations.
src/modules/studio/features/agent-studio/ui/AgentStudio.tsx(34,3): error TS2339: Property 'setCanvasRef' does not exist on type '{ form: UseFormReturn<{ availability_workspace: string[]; agent_name: string | null; agent_role_text: string | null; agent_goal: string | null; agent_backstory: string | null; guardrails: { instructions: string[]; constraints: string[]; }; ... 14 more ...; agent_visual_url?: string | ... 1 more ... | undefined; }, a...'.
src/modules/studio/features/agent-studio/ui/AgentStudio.tsx(35,3): error TS2339: Property 'activeSection' does not exist on type '{ form: UseFormReturn<{ availability_workspace: string[]; agent_name: string | null; agent_role_text: string | null; agent_goal: string | null; agent_backstory: string | null; guardrails: { instructions: string[]; constraints: string[]; }; ... 14 more ...; agent_visual_url?: string | ... 1 more ... | undefined; }, a...'.
src/modules/studio/features/agent-studio/ui/AgentStudio.tsx(36,3): error TS2339: Property 'scrollToSection' does not exist on type '{ form: UseFormReturn<{ availability_workspace: string[]; agent_name: string | null; agent_role_text: string | null; agent_goal: string | null; agent_backstory: string | null; guardrails: { instructions: string[]; constraints: string[]; }; ... 14 more ...; agent_visual_url?: string | ... 1 more ... | undefined; }, a...'.
src/modules/studio/features/agent-studio/ui/AgentStudio.tsx(115,36): error TS2345: Argument of type '(data: CreateAgentFormData) => Promise<void>' is not assignable to parameter of type 'SubmitHandler<TFieldValues>'.
  Types of parameters 'data' and 'data' are incompatible.
    Type 'TFieldValues' is not assignable to type '{ availability_workspace: string[]; agent_name: string | null; agent_role_text: string | null; agent_goal: string | null; agent_backstory: string | null; guardrails: { instructions: string[]; constraints: string[]; }; ... 14 more ...; agent_visual_url?: string | ... 1 more ... | undefined; }'.
      Type 'FieldValues' is missing the following properties from type '{ availability_workspace: string[]; agent_name: string | null; agent_role_text: string | null; agent_goal: string | null; agent_backstory: string | null; guardrails: { instructions: string[]; constraints: string[]; }; ... 14 more ...; agent_visual_url?: string | ... 1 more ... | undefined; }': availability_workspace, agent_name, agent_role_text, agent_goal, and 12 more.
src/modules/studio/features/agent-studio/ui/AgentStudioView.tsx(68,21): error TS2322: Type '{ setCanvasRef: (scrollContainerNode: HTMLDivElement | null) => void; exitButton: Element; navigator: Element; canvas: Element; poster: Element; footer: Element; }' is not assignable to type 'IntrinsicAttributes & StudioLayoutProps'.
  Property 'setCanvasRef' does not exist on type 'IntrinsicAttributes & StudioLayoutProps'. Did you mean 'canvasRef'?
src/modules/studio/features/agent-studio/ui/AvatarGallerySlider.tsx(4,47): error TS2307: Cannot find module '../../types/components.types' or its corresponding type declarations.
src/modules/studio/features/agent-studio/ui/LivePoster.tsx(4,38): error TS2307: Cannot find module '../../types/components.types' or its corresponding type declarations.
src/modules/studio/features/agent-studio/ui/sections/IdentitySection.tsx(25,20): error TS7006: Parameter 'url' implicitly has an 'any' type.
src/modules/studio/features/archetypes/ui/ArchetypeStudioView.tsx(34,21): error TS2322: Type '{ setCanvasRef: (scrollContainerNode: HTMLDivElement | null) => void; exitButton: Element; navigator: Element; canvas: Element; poster: Element; footer: Element; }' is not assignable to type 'IntrinsicAttributes & StudioLayoutProps'.
  Property 'setCanvasRef' does not exist on type 'IntrinsicAttributes & StudioLayoutProps'. Did you mean 'canvasRef'?
src/modules/studio/features/automation-studio/application/useAutomationForm.ts(14,3): error TS2322: Type 'Resolver<{ definition: { semanticDescription: string; keywords?: string[] | undefined; }; connection: { method: "GET" | "POST" | "PUT" | "PATCH" | "DELETE"; url: string; platform: string; auth: { type: string; headerName?: string | undefined; secret?: string | undefined; }; }; dataInterface: { ...; }; availability?:...' is not assignable to type 'Resolver<{ definition: { keywords: string[]; semanticDescription: string; }; connection: { method: "GET" | "POST" | "PUT" | "PATCH" | "DELETE"; url: string; platform: string; auth: { type: string; headerName?: string | undefined; secret?: string | undefined; }; }; dataInterface: { ...; }; availability: string[]; }, ...'.
  Types of parameters 'options' and 'options' are incompatible.
    Type 'ResolverOptions<{ definition: { keywords: string[]; semanticDescription: string; }; connection: { method: "GET" | "POST" | "PUT" | "PATCH" | "DELETE"; url: string; platform: string; auth: { type: string; headerName?: string | undefined; secret?: string | undefined; }; }; dataInterface: { ...; }; availability: string...' is not assignable to type 'ResolverOptions<{ definition: { semanticDescription: string; keywords?: string[] | undefined; }; connection: { method: "GET" | "POST" | "PUT" | "PATCH" | "DELETE"; url: string; platform: string; auth: { type: string; headerName?: string | undefined; secret?: string | undefined; }; }; dataInterface: { ...; }; availab...'.
      Type 'string[] | undefined' is not assignable to type 'string[]'.
        Type 'undefined' is not assignable to type 'string[]'.
src/modules/studio/features/automation-studio/ui/AutomationStudio.tsx(35,42): error TS2345: Argument of type '(data: { definition: { keywords: string[]; semanticDescription: string; }; connection: { platform: string; method: "GET" | "POST" | "PUT" | "PATCH" | "DELETE"; url: string; auth: { type: string; headerName?: string | undefined; secret?: string | undefined; }; }; dataInterface: { ...; }; availability: string[]; }) =>...' is not assignable to parameter of type 'SubmitHandler<TFieldValues>'.
  Types of parameters 'data' and 'data' are incompatible.
    Type 'TFieldValues' is not assignable to type '{ definition: { keywords: string[]; semanticDescription: string; }; connection: { platform: string; method: "GET" | "POST" | "PUT" | "PATCH" | "DELETE"; url: string; auth: { type: string; headerName?: string | undefined; secret?: string | undefined; }; }; dataInterface: { ...; }; availability: string[]; }'.
      Type 'FieldValues' is missing the following properties from type '{ definition: { keywords: string[]; semanticDescription: string; }; connection: { platform: string; method: "GET" | "POST" | "PUT" | "PATCH" | "DELETE"; url: string; auth: { type: string; headerName?: string | undefined; secret?: string | undefined; }; }; dataInterface: { ...; }; availability: string[]; }': definition, connection, dataInterface, availability
src/modules/studio/features/automation-studio/ui/AutomationStudioView.tsx(37,21): error TS2322: Type '{ setCanvasRef: (scrollContainerNode: HTMLDivElement | null) => void; exitButton: Element; navigator: Element; canvas: Element; poster: Element; footer: Element; }' is not assignable to type 'IntrinsicAttributes & StudioLayoutProps'.
  Property 'setCanvasRef' does not exist on type 'IntrinsicAttributes & StudioLayoutProps'. Did you mean 'canvasRef'?
src/modules/studio/features/automation-studio/ui/sections/AutomationArtefactsSection.tsx(39,9): error TS2322: Type '{ value: string; label: string; }[]' is not assignable to type '{ readonly label: string; readonly value: FormPropertyFieldType; }[]'.
  Type '{ value: string; label: string; }' is not assignable to type '{ readonly label: string; readonly value: FormPropertyFieldType; }'.
    Types of property 'value' are incompatible.
      Type 'string' is not assignable to type 'FormPropertyFieldType'.
src/modules/studio/features/automation-studio/ui/sections/AutomationContextSection.tsx(39,9): error TS2322: Type '{ value: string; label: string; }[]' is not assignable to type '{ readonly label: string; readonly value: FormPropertyFieldType; }[]'.
  Type '{ value: string; label: string; }' is not assignable to type '{ readonly label: string; readonly value: FormPropertyFieldType; }'.
    Types of property 'value' are incompatible.
      Type 'string' is not assignable to type 'FormPropertyFieldType'.
src/modules/studio/features/crew-studio/application/useCrewForm.ts(12,3): error TS2322: Type 'Resolver<{ crew_process_type: "Hierarchical"; crew_name: string; crew_description: string; owner_agent_id: string; agent_member_ids: string[]; availability_workspace?: string[] | undefined; ... 4 more ...; synthesis_instruction?: string | undefined; } | { ...; } | { ...; }, any, { ...; } | ... 1 more ... | { ...; }>' is not assignable to type 'Resolver<{ availability_workspace: string[]; artefacts: { name: string; field_type: string; is_required: boolean; value?: string | null | undefined; }[]; crew_process_type: "Hierarchical"; crew_name: string; ... 6 more ...; synthesis_instruction?: string | undefined; } | { ...; } | { ...; }, any, { ...; } | ... 1 mo...'.
  Types of parameters 'options' and 'options' are incompatible.
    Type 'ResolverOptions<{ availability_workspace: string[]; artefacts: { name: string; field_type: string; is_required: boolean; value?: string | null | undefined; }[]; crew_process_type: "Hierarchical"; crew_name: string; ... 6 more ...; synthesis_instruction?: string | undefined; } | { ...; } | { ...; }>' is not assignable to type 'ResolverOptions<{ crew_process_type: "Hierarchical"; crew_name: string; crew_description: string; owner_agent_id: string; agent_member_ids: string[]; availability_workspace?: string[] | undefined; ... 4 more ...; synthesis_instruction?: string | undefined; } | { ...; } | { ...; }>'.
      Type '{ crew_process_type: "Hierarchical"; crew_name: string; crew_description: string; owner_agent_id: string; agent_member_ids: string[]; availability_workspace?: string[] | undefined; artefacts?: { ...; }[] | undefined; crew_keywords?: string[] | undefined; contexts?: { ...; }[] | undefined; cost?: number | undefined; ...' is not assignable to type '{ availability_workspace: string[]; artefacts: { name: string; field_type: string; is_required: boolean; value?: string | null | undefined; }[]; crew_process_type: "Hierarchical"; crew_name: string; ... 6 more ...; synthesis_instruction?: string | undefined; } | { ...; } | { ...; }'.
        Type '{ crew_process_type: "Hierarchical"; crew_name: string; crew_description: string; owner_agent_id: string; agent_member_ids: string[]; availability_workspace?: string[] | undefined; artefacts?: { ...; }[] | undefined; crew_keywords?: string[] | undefined; contexts?: { ...; }[] | undefined; cost?: number | undefined; ...' is not assignable to type '{ availability_workspace: string[]; artefacts: { name: string; field_type: string; is_required: boolean; value?: string | null | undefined; }[]; crew_process_type: "Hierarchical"; crew_name: string; ... 6 more ...; synthesis_instruction?: string | undefined; } | { ...; } | { ...; }'.
          Type '{ crew_process_type: "Hierarchical"; crew_name: string; crew_description: string; owner_agent_id: string; agent_member_ids: string[]; availability_workspace?: string[] | undefined; artefacts?: { ...; }[] | undefined; crew_keywords?: string[] | undefined; contexts?: { ...; }[] | undefined; cost?: number | undefined; ...' is not assignable to type '{ availability_workspace: string[]; artefacts: { name: string; field_type: string; is_required: boolean; value?: string | null | undefined; }[]; crew_process_type: "Hierarchical"; crew_name: string; ... 6 more ...; synthesis_instruction?: string | undefined; }'.
            Types of property 'availability_workspace' are incompatible.
              Type 'string[] | undefined' is not assignable to type 'string[]'.
                Type 'undefined' is not assignable to type 'string[]'.
src/modules/studio/features/crew-studio/ui/CrewStudio.tsx(64,42): error TS2345: Argument of type '(data: { availability_workspace: string[]; artefacts: { name: string; field_type: string; is_required: boolean; value?: string | null | undefined; }[]; crew_process_type: "Hierarchical"; crew_name: string; ... 6 more ...; synthesis_instruction?: string | undefined; } | { ...; } | { ...; }) => void' is not assignable to parameter of type 'SubmitHandler<TFieldValues>'.
  Types of parameters 'data' and 'data' are incompatible.
    Type 'TFieldValues' is not assignable to type '{ availability_workspace: string[]; artefacts: { name: string; field_type: string; is_required: boolean; value?: string | null | undefined; }[]; crew_process_type: "Hierarchical"; crew_name: string; ... 6 more ...; synthesis_instruction?: string | undefined; } | { ...; } | { ...; }'.
      Type 'FieldValues' is not assignable to type '{ availability_workspace: string[]; artefacts: { name: string; field_type: string; is_required: boolean; value?: string | null | undefined; }[]; crew_process_type: "Hierarchical"; crew_name: string; ... 6 more ...; synthesis_instruction?: string | undefined; } | { ...; } | { ...; }'.
        Type 'FieldValues' is missing the following properties from type '{ availability_workspace: string[]; artefacts: { name: string; field_type: string; is_required: boolean; value?: string | null | undefined; }[]; crew_process_type: "Hierarchical"; crew_name: string; ... 6 more ...; synthesis_instruction?: string | undefined; }': availability_workspace, artefacts, crew_process_type, crew_name, and 6 more.
          Type 'TFieldValues' is not assignable to type '{ availability_workspace: string[]; artefacts: { name: string; field_type: string; is_required: boolean; value?: string | null | undefined; }[]; crew_process_type: "Sequential"; crew_name: string; ... 5 more ...; tasks: { ...; }[]; }'.
            Type 'FieldValues' is missing the following properties from type '{ availability_workspace: string[]; artefacts: { name: string; field_type: string; is_required: boolean; value?: string | null | undefined; }[]; crew_process_type: "Sequential"; crew_name: string; ... 5 more ...; tasks: { ...; }[]; }': availability_workspace, artefacts, crew_process_type, crew_name, and 6 more.
src/modules/studio/features/crew-studio/ui/CrewStudio.tsx(68,13): error TS2322: Type 'UseFormReturn<{ availability_workspace: string[]; artefacts: { name: string; field_type: string; is_required: boolean; value?: string | null | undefined; }[]; crew_process_type: "Hierarchical"; crew_name: string; ... 6 more ...; synthesis_instruction?: string | undefined; } | { ...; } | { ...; }, any, TFieldValues>' is not assignable to type 'UseFormReturn<{ availability_workspace: string[]; artefacts: { name: string; field_type: string; is_required: boolean; value?: string | null | undefined; }[]; crew_process_type: "Hierarchical"; crew_name: string; ... 6 more ...; synthesis_instruction?: string | undefined; } | { ...; } | { ...; }>'.
  Types of property 'handleSubmit' are incompatible.
    Type 'UseFormHandleSubmit<{ availability_workspace: string[]; artefacts: { name: string; field_type: string; is_required: boolean; value?: string | null | undefined; }[]; crew_process_type: "Hierarchical"; crew_name: string; ... 6 more ...; synthesis_instruction?: string | undefined; } | { ...; } | { ...; }, TFieldValues>' is not assignable to type 'UseFormHandleSubmit<{ availability_workspace: string[]; artefacts: { name: string; field_type: string; is_required: boolean; value?: string | null | undefined; }[]; crew_process_type: "Hierarchical"; crew_name: string; ... 6 more ...; synthesis_instruction?: string | undefined; } | { ...; } | { ...; }, { ...; } | .....'.
      Types of parameters 'onValid' and 'onValid' are incompatible.
        Types of parameters 'data' and 'data' are incompatible.
          Type 'TFieldValues' is not assignable to type '{ availability_workspace: string[]; artefacts: { name: string; field_type: string; is_required: boolean; value?: string | null | undefined; }[]; crew_process_type: "Hierarchical"; crew_name: string; ... 6 more ...; synthesis_instruction?: string | undefined; } | { ...; } | { ...; }'.
            Type 'FieldValues' is not assignable to type '{ availability_workspace: string[]; artefacts: { name: string; field_type: string; is_required: boolean; value?: string | null | undefined; }[]; crew_process_type: "Hierarchical"; crew_name: string; ... 6 more ...; synthesis_instruction?: string | undefined; } | { ...; } | { ...; }'.
              Type 'FieldValues' is missing the following properties from type '{ availability_workspace: string[]; artefacts: { name: string; field_type: string; is_required: boolean; value?: string | null | undefined; }[]; crew_process_type: "Hierarchical"; crew_name: string; ... 6 more ...; synthesis_instruction?: string | undefined; }': availability_workspace, artefacts, crew_process_type, crew_name, and 6 more.
                Type 'TFieldValues' is not assignable to type '{ availability_workspace: string[]; artefacts: { name: string; field_type: string; is_required: boolean; value?: string | null | undefined; }[]; crew_process_type: "Sequential"; crew_name: string; ... 5 more ...; tasks: { ...; }[]; }'.
                  Type 'FieldValues' is missing the following properties from type '{ availability_workspace: string[]; artefacts: { name: string; field_type: string; is_required: boolean; value?: string | null | undefined; }[]; crew_process_type: "Sequential"; crew_name: string; ... 5 more ...; tasks: { ...; }[]; }': availability_workspace, artefacts, crew_process_type, crew_name, and 6 more.
src/modules/studio/features/crew-studio/ui/CrewStudio.tsx(73,13): error TS2322: Type '(sectionIdentifier: CrewStudioSectionId) => void' is not assignable to type '(sectionId: string) => void'.
  Types of parameters 'sectionIdentifier' and 'sectionId' are incompatible.
    Type 'string' is not assignable to type 'CrewStudioSectionId'.
src/modules/studio/features/crew-studio/ui/CrewStudioView.tsx(89,33): error TS2322: Type '{ label: string; onClick: () => void; isLoading: boolean | undefined; }' is not assignable to type 'IntrinsicAttributes & { readonly label: string; readonly icon?: LucideIcon | undefined; readonly className?: string | undefined; readonly debounceMs?: number | undefined; } & Omit<...> & { ...; }'.
  Property 'isLoading' does not exist on type 'IntrinsicAttributes & { readonly label: string; readonly icon?: LucideIcon | undefined; readonly className?: string | undefined; readonly debounceMs?: number | undefined; } & Omit<...> & { ...; }'. Did you mean 'loading'?
src/modules/studio/features/crew-studio/ui/sections/CrewArtefactsSection.tsx(28,8): error TS2322: Type '{ label: string; value: string; }[]' is not assignable to type '{ readonly label: string; readonly value: FormPropertyFieldType; }[]'.
  Type '{ label: string; value: string; }' is not assignable to type '{ readonly label: string; readonly value: FormPropertyFieldType; }'.
    Types of property 'value' are incompatible.
      Type 'string' is not assignable to type 'FormPropertyFieldType'.
src/modules/studio/features/crew-studio/ui/sections/CrewContextSection.tsx(28,8): error TS2322: Type '{ label: string; value: string; }[]' is not assignable to type '{ readonly label: string; readonly value: FormPropertyFieldType; }[]'.
  Type '{ label: string; value: string; }' is not assignable to type '{ readonly label: string; readonly value: FormPropertyFieldType; }'.
    Types of property 'value' are incompatible.
      Type 'string' is not assignable to type 'FormPropertyFieldType'.
src/modules/studio/features/service-studio/application/useServiceForm.ts(7,3): error TS2322: Type 'Resolver<{ name: string; url: string; capabilities?: { name: string; description: string; id?: string | undefined; }[] | undefined; keywords?: string[] | undefined; categories?: string[] | undefined; availability?: string[] | undefined; business_context?: string | undefined; }, any, { ...; }>' is not assignable to type 'Resolver<{ name: string; url: string; capabilities: { name: string; description: string; id?: string | undefined; }[]; keywords: string[]; categories: string[]; availability: string[]; business_context?: string | undefined; }, any, { ...; }>'.
  Types of parameters 'options' and 'options' are incompatible.
    Type 'ResolverOptions<{ name: string; url: string; capabilities: { name: string; description: string; id?: string | undefined; }[]; keywords: string[]; categories: string[]; availability: string[]; business_context?: string | undefined; }>' is not assignable to type 'ResolverOptions<{ name: string; url: string; capabilities?: { name: string; description: string; id?: string | undefined; }[] | undefined; keywords?: string[] | undefined; categories?: string[] | undefined; availability?: string[] | undefined; business_context?: string | undefined; }>'.
      Type '{ name: string; description: string; id?: string | undefined; }[] | undefined' is not assignable to type '{ name: string; description: string; id?: string | undefined; }[]'.
        Type 'undefined' is not assignable to type '{ name: string; description: string; id?: string | undefined; }[]'.
src/modules/studio/features/service-studio/ui/sections/ServiceBasicInfoSection.tsx(30,9): error TS2322: Type '{ placeholder: string; icon: ForwardRefExoticComponent<Omit<LucideProps, "ref"> & RefAttributes<SVGSVGElement>>; ... 5 more ...; ref: RefCallBack; }' is not assignable to type 'IntrinsicAttributes & InputHTMLAttributes<HTMLInputElement> & { readonly className?: string | undefined; } & RefAttributes<...>'.
  Property 'icon' does not exist on type 'IntrinsicAttributes & InputHTMLAttributes<HTMLInputElement> & { readonly className?: string | undefined; } & RefAttributes<...>'.
src/modules/studio/features/service-studio/ui/sections/ServiceBasicInfoSection.tsx(44,9): error TS2322: Type '{ placeholder: string; icon: ForwardRefExoticComponent<Omit<LucideProps, "ref"> & RefAttributes<SVGSVGElement>>; ... 5 more ...; ref: RefCallBack; }' is not assignable to type 'IntrinsicAttributes & InputHTMLAttributes<HTMLInputElement> & { readonly className?: string | undefined; } & RefAttributes<...>'.
  Property 'icon' does not exist on type 'IntrinsicAttributes & InputHTMLAttributes<HTMLInputElement> & { readonly className?: string | undefined; } & RefAttributes<...>'.
src/modules/studio/features/service-studio/ui/ServiceStudio.tsx(33,42): error TS2345: Argument of type '(data: { capabilities: { name: string; description: string; id?: string | undefined; }[]; name: string; categories: string[]; keywords: string[]; url: string; availability: string[]; business_context?: string | undefined; }) => void' is not assignable to parameter of type 'SubmitHandler<TFieldValues>'.
  Types of parameters 'data' and 'data' are incompatible.
    Type 'TFieldValues' is not assignable to type '{ capabilities: { name: string; description: string; id?: string | undefined; }[]; name: string; categories: string[]; keywords: string[]; url: string; availability: string[]; business_context?: string | undefined; }'.
      Type 'FieldValues' is missing the following properties from type '{ capabilities: { name: string; description: string; id?: string | undefined; }[]; name: string; categories: string[]; keywords: string[]; url: string; availability: string[]; business_context?: string | undefined; }': capabilities, name, categories, keywords, and 2 more.
src/modules/studio/features/service-studio/ui/ServiceStudioView.tsx(32,21): error TS2322: Type '{ setCanvasRef: (scrollContainerNode: HTMLDivElement | null) => void; exitButton: Element; navigator: Element; canvas: Element; poster: Element; footer: Element; }' is not assignable to type 'IntrinsicAttributes & StudioLayoutProps'.
  Property 'setCanvasRef' does not exist on type 'IntrinsicAttributes & StudioLayoutProps'. Did you mean 'canvasRef'?
src/modules/studio/features/template-studio/application/hooks/useTemplateForm.ts(10,3): error TS2322: Type 'Resolver<{ name: string; description: string; goal: string; availability_workspace?: string[] | undefined; markdown?: string | undefined; keywords?: string[] | undefined; context_items?: { name: string; field_type: string; is_required?: boolean | undefined; }[] | undefined; artefact_items?: { ...; }[] | undefined; }...' is not assignable to type 'Resolver<{ name: string; availability_workspace: string[]; description: string; markdown: string; keywords: string[]; goal: string; context_items: { name: string; field_type: string; is_required: boolean; }[]; artefact_items: { ...; }[]; }, any, { ...; }>'.
  Types of parameters 'options' and 'options' are incompatible.
    Type 'ResolverOptions<{ name: string; availability_workspace: string[]; description: string; markdown: string; keywords: string[]; goal: string; context_items: { name: string; field_type: string; is_required: boolean; }[]; artefact_items: { ...; }[]; }>' is not assignable to type 'ResolverOptions<{ name: string; description: string; goal: string; availability_workspace?: string[] | undefined; markdown?: string | undefined; keywords?: string[] | undefined; context_items?: { name: string; field_type: string; is_required?: boolean | undefined; }[] | undefined; artefact_items?: { ...; }[] | undef...'.
      Type 'string[] | undefined' is not assignable to type 'string[]'.
        Type 'undefined' is not assignable to type 'string[]'.
src/modules/studio/features/template-studio/ui/sections/ArtefactsSection.tsx(26,9): error TS2322: Type '{ items: any; onItemsChange: (...event: any[]) => void; typeOptions: { readonly label: string; readonly value: FormPropertyFieldType; }[]; addPlaceholder: string; }' is not assignable to type 'IntrinsicAttributes & FormPropertyTableProps'.
  Property 'onItemsChange' does not exist on type 'IntrinsicAttributes & FormPropertyTableProps'.
src/modules/studio/features/template-studio/ui/sections/ContextSection.tsx(26,9): error TS2322: Type '{ items: any; onItemsChange: (...event: any[]) => void; typeOptions: { readonly label: string; readonly value: FormPropertyFieldType; }[]; addPlaceholder: string; }' is not assignable to type 'IntrinsicAttributes & FormPropertyTableProps'.
  Property 'onItemsChange' does not exist on type 'IntrinsicAttributes & FormPropertyTableProps'.
src/modules/studio/features/template-studio/ui/TemplateStudio.tsx(42,6): error TS2322: Type 'RefObject<HTMLDivElement | null>' is not assignable to type '(node: HTMLDivElement | null) => void'.
  Type 'RefObject<HTMLDivElement | null>' provides no match for the signature '(node: HTMLDivElement | null): void'.
src/modules/studio/features/template-studio/ui/TemplateStudio.tsx(85,36): error TS2345: Argument of type '(data: { availability_workspace: string[]; name: string; goal: string; keywords: string[]; description: string; markdown: string; context_items: { name: string; field_type: string; is_required: boolean; }[]; artefact_items: { ...; }[]; }) => void' is not assignable to parameter of type 'SubmitHandler<TFieldValues>'.
  Types of parameters 'data' and 'data' are incompatible.
    Type 'TFieldValues' is not assignable to type '{ availability_workspace: string[]; name: string; goal: string; keywords: string[]; description: string; markdown: string; context_items: { name: string; field_type: string; is_required: boolean; }[]; artefact_items: { ...; }[]; }'.
      Type 'FieldValues' is missing the following properties from type '{ availability_workspace: string[]; name: string; goal: string; keywords: string[]; description: string; markdown: string; context_items: { name: string; field_type: string; is_required: boolean; }[]; artefact_items: { ...; }[]; }': availability_workspace, name, goal, keywords, and 4 more.
src/modules/studio/features/template-studio/ui/TemplateStudioContainer.tsx(28,19): error TS2339: Property 'template_goal' does not exist on type '{ id: string; availability_workspace: string[]; created_at: string; updated_at: string; template_name: string; template_markdown_content: string; template_checklist_items: { id: string; label: string; isCompleted: boolean; description?: string | undefined; subactions?: { ...; }[] | undefined; }[]; template_keywords:...'.
src/modules/studio/ui/components/discovery/ArchetypeCard.tsx(4,41): error TS2307: Cannot find module '../../../types/studio.types' or its corresponding type declarations.
src/modules/studio/ui/components/discovery/DiscoveryChoice.tsx(4,43): error TS2307: Cannot find module '../../../types/studio.types' or its corresponding type declarations.
src/modules/studio/ui/components/discovery/DiscoveryLibrary.tsx(6,44): error TS2307: Cannot find module '../../../types/studio.types' or its corresponding type declarations.
src/modules/studio/ui/components/discovery/DiscoveryLibrary.tsx(66,28): error TS7006: Parameter 'cat' implicitly has an 'any' type.
src/modules/studio/ui/components/discovery/DiscoveryLibrary.tsx(88,33): error TS7006: Parameter 'archetype' implicitly has an 'any' type.
src/modules/workspaces/features/browse-agents/ui/AgentsBrowser.tsx(127,35): error TS2322: Type 'string | null' is not assignable to type 'string'.
  Type 'null' is not assignable to type 'string'.
src/modules/workspaces/features/browse-patterns/application/usePatternsBrowser.ts(33,18): error TS2339: Property 'name' does not exist on type '{ id: string; availability_workspace: string[]; created_at: string; updated_at: string; pattern_name: string; pattern_graph_structure: Record<string, unknown>; pattern_inputs: Record<string, string>; pattern_outputs: Record<...>; pattern_keywords: string[]; pattern_okr_context?: string | ... 1 more ... | undefined; }'.
src/modules/workspaces/features/browse-patterns/application/usePatternsBrowser.ts(34,18): error TS2339: Property 'description' does not exist on type '{ id: string; availability_workspace: string[]; created_at: string; updated_at: string; pattern_name: string; pattern_graph_structure: Record<string, unknown>; pattern_inputs: Record<string, string>; pattern_outputs: Record<...>; pattern_keywords: string[]; pattern_okr_context?: string | ... 1 more ... | undefined; }'.
src/modules/workspaces/features/browse-patterns/application/usePatternsBrowser.ts(35,18): error TS2339: Property 'type' does not exist on type '{ id: string; availability_workspace: string[]; created_at: string; updated_at: string; pattern_name: string; pattern_graph_structure: Record<string, unknown>; pattern_inputs: Record<string, string>; pattern_outputs: Record<...>; pattern_keywords: string[]; pattern_okr_context?: string | ... 1 more ... | undefined; }'.
src/modules/workspaces/features/browse-patterns/application/usePatternsBrowser.ts(40,70): error TS2339: Property 'type' does not exist on type '{ id: string; availability_workspace: string[]; created_at: string; updated_at: string; pattern_name: string; pattern_graph_structure: Record<string, unknown>; pattern_inputs: Record<string, string>; pattern_outputs: Record<...>; pattern_keywords: string[]; pattern_okr_context?: string | ... 1 more ... | undefined; }'.
src/modules/workspaces/features/browse-templates/application/useTemplatesBrowser.ts(34,18): error TS2339: Property 'name' does not exist on type '{ id: string; availability_workspace: string[]; created_at: string; updated_at: string; template_name: string; template_markdown_content: string; template_checklist_items: { id: string; label: string; isCompleted: boolean; description?: string | undefined; subactions?: { ...; }[] | undefined; }[]; template_keywords:...'.
src/modules/workspaces/features/browse-templates/application/useTemplatesBrowser.ts(35,18): error TS2339: Property 'description' does not exist on type '{ id: string; availability_workspace: string[]; created_at: string; updated_at: string; template_name: string; template_markdown_content: string; template_checklist_items: { id: string; label: string; isCompleted: boolean; description?: string | undefined; subactions?: { ...; }[] | undefined; }[]; template_keywords:...'.
src/modules/workspaces/features/browse-templates/application/useTemplatesBrowser.ts(36,18): error TS2339: Property 'category' does not exist on type '{ id: string; availability_workspace: string[]; created_at: string; updated_at: string; template_name: string; template_markdown_content: string; template_checklist_items: { id: string; label: string; isCompleted: boolean; description?: string | undefined; subactions?: { ...; }[] | undefined; }[]; template_keywords:...'.
src/modules/workspaces/features/browse-templates/application/useTemplatesBrowser.ts(41,70): error TS2339: Property 'category' does not exist on type '{ id: string; availability_workspace: string[]; created_at: string; updated_at: string; template_name: string; template_markdown_content: string; template_checklist_items: { id: string; label: string; isCompleted: boolean; description?: string | undefined; subactions?: { ...; }[] | undefined; }[]; template_keywords:...'.
src/modules/workspaces/features/browse-templates/ui/TemplatesBrowser.tsx(92,33): error TS2339: Property 'name' does not exist on type '{ id: string; availability_workspace: string[]; created_at: string; updated_at: string; template_name: string; template_markdown_content: string; template_checklist_items: { id: string; label: string; isCompleted: boolean; description?: string | undefined; subactions?: { ...; }[] | undefined; }[]; template_keywords:...'.
src/modules/workspaces/features/browse-templates/ui/TemplatesBrowser.tsx(93,39): error TS2339: Property 'description' does not exist on type '{ id: string; availability_workspace: string[]; created_at: string; updated_at: string; template_name: string; template_markdown_content: string; template_checklist_items: { id: string; label: string; isCompleted: boolean; description?: string | undefined; subactions?: { ...; }[] | undefined; }[]; template_keywords:...'.
src/modules/workspaces/features/browse-templates/ui/TemplatesBrowser.tsx(95,38): error TS2339: Property 'category' does not exist on type '{ id: string; availability_workspace: string[]; created_at: string; updated_at: string; template_name: string; template_markdown_content: string; template_checklist_items: { id: string; label: string; isCompleted: boolean; description?: string | undefined; subactions?: { ...; }[] | undefined; }[]; template_keywords:...'.
src/modules/workspaces/features/browse-templates/ui/TemplatesBrowser.tsx(95,59): error TS2339: Property 'template_type' does not exist on type '{ id: string; availability_workspace: string[]; created_at: string; updated_at: string; template_name: string; template_markdown_content: string; template_checklist_items: { id: string; label: string; isCompleted: boolean; description?: string | undefined; subactions?: { ...; }[] | undefined; }[]; template_keywords:...'.
src/modules/workspaces/features/browse-templates/ui/TemplatesBrowser.tsx(96,32): error TS2339: Property 'tags' does not exist on type '{ id: string; availability_workspace: string[]; created_at: string; updated_at: string; template_name: string; template_markdown_content: string; template_checklist_items: { id: string; label: string; isCompleted: boolean; description?: string | undefined; subactions?: { ...; }[] | undefined; }[]; template_keywords:...'.
src/modules/workspaces/infrastructure/api.ts(91,5): error TS2739: Type '{ id: string; availability_workspace: string[]; created_at: string; updated_at: string; crew_name: string; crew_process_type: "Sequential" | "Hierarchical" | "Parallel"; crew_keywords: string[]; agent_member_ids: string[]; crew_description?: string | ... 1 more ... | undefined; manager_agent_id?: string | ... 1 more...' is missing the following properties from type '{ id: string; availability_workspace: string[]; created_at: string; updated_at: string; pattern_name: string; pattern_graph_structure: Record<string, unknown>; pattern_inputs: Record<string, string>; pattern_outputs: Record<...>; pattern_keywords: string[]; pattern_okr_context?: string | ... 1 more ... | undefined; }': pattern_name, pattern_graph_structure, pattern_inputs, pattern_outputs, pattern_keywords
src/modules/workspaces/infrastructure/mockApi.ts(53,5): error TS2739: Type '{ id: string; agent_name: string; agent_role_text: string; agent_goal: string; agent_backstory: string; guardrails: { instructions: string[]; constraints: string[]; }; few_shot_examples: never[]; reflexion: true; ... 9 more ...; updated_at: string; }' is missing the following properties from type '{ id: string; agent_name: string | null; agent_role_text: string | null; agent_goal: string | null; agent_backstory: string | null; guardrails: { instructions: string[]; constraints: string[]; }; ... 17 more ...; agent_visual_url?: string | ... 1 more ... | undefined; }': auto_start, grounded_mode, native_skills, custom_functions, data_interface
src/modules/workspaces/infrastructure/mockApi.ts(73,5): error TS2739: Type '{ id: string; agent_name: string; agent_role_text: string; agent_goal: string; agent_backstory: string; guardrails: { instructions: string[]; constraints: string[]; }; few_shot_examples: never[]; reflexion: false; ... 9 more ...; updated_at: string; }' is missing the following properties from type '{ id: string; agent_name: string | null; agent_role_text: string | null; agent_goal: string | null; agent_backstory: string | null; guardrails: { instructions: string[]; constraints: string[]; }; ... 17 more ...; agent_visual_url?: string | ... 1 more ... | undefined; }': auto_start, grounded_mode, native_skills, custom_functions, data_interface
src/modules/workspaces/infrastructure/mockApi.ts(95,5): error TS2739: Type '{ id: string; agent_name: string; agent_role_text: string; agent_goal: string; agent_backstory: string; guardrails: { instructions: string[]; constraints: string[]; }; few_shot_examples: never[]; reflexion: true; ... 9 more ...; updated_at: string; }' is missing the following properties from type '{ id: string; agent_name: string | null; agent_role_text: string | null; agent_goal: string | null; agent_backstory: string | null; guardrails: { instructions: string[]; constraints: string[]; }; ... 17 more ...; agent_visual_url?: string | ... 1 more ... | undefined; }': auto_start, grounded_mode, native_skills, custom_functions, data_interface
src/modules/workspaces/infrastructure/mockApi.ts(115,5): error TS2739: Type '{ id: string; agent_name: string; agent_role_text: string; agent_goal: string; agent_backstory: string; guardrails: { instructions: string[]; constraints: string[]; }; few_shot_examples: never[]; reflexion: false; ... 9 more ...; updated_at: string; }' is missing the following properties from type '{ id: string; agent_name: string | null; agent_role_text: string | null; agent_goal: string | null; agent_backstory: string | null; guardrails: { instructions: string[]; constraints: string[]; }; ... 17 more ...; agent_visual_url?: string | ... 1 more ... | undefined; }': auto_start, grounded_mode, native_skills, custom_functions, data_interface
src/modules/workspaces/infrastructure/mockApi.ts(137,5): error TS2739: Type '{ id: string; agent_name: string; agent_role_text: string; agent_goal: string; agent_backstory: string; guardrails: { instructions: string[]; constraints: string[]; }; few_shot_examples: never[]; reflexion: false; ... 9 more ...; updated_at: string; }' is missing the following properties from type '{ id: string; agent_name: string | null; agent_role_text: string | null; agent_goal: string | null; agent_backstory: string | null; guardrails: { instructions: string[]; constraints: string[]; }; ... 17 more ...; agent_visual_url?: string | ... 1 more ... | undefined; }': auto_start, grounded_mode, native_skills, custom_functions, data_interface
src/modules/workspaces/infrastructure/mockApi.ts(159,5): error TS2739: Type '{ id: string; agent_name: string; agent_role_text: string; agent_goal: string; agent_backstory: string; guardrails: { instructions: string[]; constraints: string[]; }; few_shot_examples: never[]; reflexion: true; ... 9 more ...; updated_at: string; }' is missing the following properties from type '{ id: string; agent_name: string | null; agent_role_text: string | null; agent_goal: string | null; agent_backstory: string | null; guardrails: { instructions: string[]; constraints: string[]; }; ... 17 more ...; agent_visual_url?: string | ... 1 more ... | undefined; }': auto_start, grounded_mode, native_skills, custom_functions, data_interface
src/modules/workspaces/infrastructure/mockApi.ts(179,5): error TS2739: Type '{ id: string; agent_name: string; agent_role_text: string; agent_goal: string; agent_backstory: string; guardrails: { instructions: string[]; constraints: string[]; }; few_shot_examples: never[]; reflexion: false; ... 9 more ...; updated_at: string; }' is missing the following properties from type '{ id: string; agent_name: string | null; agent_role_text: string | null; agent_goal: string | null; agent_backstory: string | null; guardrails: { instructions: string[]; constraints: string[]; }; ... 17 more ...; agent_visual_url?: string | ... 1 more ... | undefined; }': auto_start, grounded_mode, native_skills, custom_functions, data_interface
src/modules/workspaces/infrastructure/mockApi.ts(201,5): error TS2739: Type '{ id: string; agent_name: string; agent_role_text: string; agent_goal: string; agent_backstory: string; guardrails: { instructions: string[]; constraints: string[]; }; few_shot_examples: never[]; reflexion: false; ... 9 more ...; updated_at: string; }' is missing the following properties from type '{ id: string; agent_name: string | null; agent_role_text: string | null; agent_goal: string | null; agent_backstory: string | null; guardrails: { instructions: string[]; constraints: string[]; }; ... 17 more ...; agent_visual_url?: string | ... 1 more ... | undefined; }': auto_start, grounded_mode, native_skills, custom_functions, data_interface
src/modules/workspaces/ui/AgentsSection.tsx(96,9): error TS2322: Type '{ id: string; agent_name: string | null; agent_role_text: string | null; agent_goal: string | null; agent_backstory: string | null; guardrails: { instructions: string[]; constraints: string[]; }; ... 17 more ...; agent_visual_url?: string | ... 1 more ... | undefined; } | undefined' is not assignable to type '{ id: string; agent_name: string | null; agent_role_text: string | null; agent_goal: string | null; agent_backstory: string | null; guardrails: { instructions: string[]; constraints: string[]; }; ... 17 more ...; agent_visual_url?: string | ... 1 more ... | undefined; } | null'.
  Type 'undefined' is not assignable to type '{ id: string; agent_name: string | null; agent_role_text: string | null; agent_goal: string | null; agent_backstory: string | null; guardrails: { instructions: string[]; constraints: string[]; }; ... 17 more ...; agent_visual_url?: string | ... 1 more ... | undefined; } | null'.
src/modules/workspaces/ui/modals/ArchetypeLoaderModal.tsx(12,37): error TS2307: Cannot find module '@/modules/resources/application/use-prompt-archetypes' or its corresponding type declarations.
src/modules/workspaces/ui/modals/ArchetypeLoaderModal.tsx(43,51): error TS7006: Parameter 'a' implicitly has an 'any' type.
src/modules/workspaces/ui/modals/CrewModal.tsx(10,27): error TS2307: Cannot find module '@/modules/workspaces/application/useAgents' or its corresponding type declarations.
src/modules/workspaces/ui/modals/CrewModal.tsx(173,40): error TS7006: Parameter 'a' implicitly has an 'any' type.
src/modules/workspaces/ui/modals/CrewModal.tsx(201,34): error TS7006: Parameter 'agent' implicitly has an 'any' type.
src/modules/workspaces/ui/modals/index.tsx(6,31): error TS2307: Cannot find module './TemplateModal' or its corresponding type declarations.
src/modules/workspaces/ui/modals/InternalSkillsModal.tsx(12,34): error TS2307: Cannot find module '@/modules/resources/application/use-internal-tools' or its corresponding type declarations.
src/modules/workspaces/ui/ServicesSection.tsx(51,54): error TS2339: Property 'provider_name' does not exist on type '{ id: string; availability_workspace: string[]; created_at: string; updated_at: string; service_name: string; service_category: string; capabilities: string[]; service_description?: string | null | undefined; service_url?: string | undefined; }'.
src/modules/workspaces/ui/ServicesSection.tsx(53,33): error TS2339: Property 'connection_status' does not exist on type '{ id: string; availability_workspace: string[]; created_at: string; updated_at: string; service_name: string; service_category: string; capabilities: string[]; service_description?: string | null | undefined; service_url?: string | undefined; }'.
src/modules/workspaces/ui/ServicesSection.tsx(71,42): error TS2339: Property 'provider_name' does not exist on type '{ id: string; availability_workspace: string[]; created_at: string; updated_at: string; service_name: string; service_category: string; capabilities: string[]; service_description?: string | null | undefined; service_url?: string | undefined; }'.
src/modules/workspaces/ui/ServicesSection.tsx(83,64): error TS2339: Property 'provider_name' does not exist on type '{ id: string; availability_workspace: string[]; created_at: string; updated_at: string; service_name: string; service_category: string; capabilities: string[]; service_description?: string | null | undefined; service_url?: string | undefined; }'.
src/modules/workspaces/ui/ServicesSection.tsx(87,87): error TS2339: Property 'connection_status' does not exist on type '{ id: string; availability_workspace: string[]; created_at: string; updated_at: string; service_name: string; service_category: string; capabilities: string[]; service_description?: string | null | undefined; service_url?: string | undefined; }'.
src/modules/workspaces/ui/TemplatesSection.tsx(48,34): error TS2339: Property 'template_type' does not exist on type '{ id: string; availability_workspace: string[]; created_at: string; updated_at: string; template_name: string; template_markdown_content: string; template_checklist_items: { id: string; label: string; isCompleted: boolean; description?: string | undefined; subactions?: { ...; }[] | undefined; }[]; template_keywords:...'.
src/shared/lib/hooks/useViewMode.ts(4,10): error TS2305: Module '"@/shared/ui/complex/ViewModeSwitcher"' has no exported member 'ViewMode'.
src/shared/ui/complex/ActionButton.test.tsx(62,48): error TS7006: Parameter 'options' implicitly has an 'any' type.
src/shared/ui/form/FormSlider.tsx(27,21): error TS7006: Parameter 'v' implicitly has an 'any' type.
src/shared/ui/ui/Button.tsx(63,9): error TS2322: Type '{ children: string | number | bigint | boolean | Iterable<ReactNode> | Promise<AwaitedReactNode> | ReactElement<any, string | JSXElementConstructor<any>> | null | undefined; ... 292 more ...; disabled: boolean; }' is not assignable to type 'IntrinsicAttributes & SlotProps & RefAttributes<HTMLElement>'.
  Property 'disabled' does not exist on type 'IntrinsicAttributes & SlotProps & RefAttributes<HTMLElement>'.
src/shared/ui/ui/Button.tsx(71,18): error TS18046: 'children.props' is of type 'unknown'.
